/home/coder/workspaces/free-lab/.venv/lib/python3.13/site-packages/torch/jit/_serialization.py:176: FutureWarning: `torch.jit.load` is deprecated. Please switch to `torch.export`.
  warnings.warn(
model loaded: tau=0.62 win=1.5s classes=[np.str_('me'), np.str_('other')]  (adapted with: s6_live_20261008_135303.wav)
warm-up inference 0.05s
serving on http://localhost:8765/   (code-server: https://student.exposureai.org/lab/proxy/8765/)
client connected
client info: {'cmd': 'info', 'contextRate': 16000, 'trackRate': 48000, 'ua': 'Mozilla/5.0 (Macintosh; Intel Mac OS X 10_15_7) AppleWebKit/537.36 (KHTML, like Gecko) Chrome/154.0.0.0 Safari/537.36'}
t=  61.9s other    P(me)=0.07 cos=0.03 speech=0.40 level=-25.1 dBFS 129 ms
t=  62.1s other    P(me)=0.03 cos=-0.03 speech=0.57 level=-22.4 dBFS 121 ms
t=  62.4s other    P(me)=0.02 cos=-0.04 speech=0.74 level=-22.0 dBFS 121 ms
t=  62.6s other    P(me)=0.07 cos=0.03 speech=0.76 level=-22.0 dBFS 121 ms
t=  62.9s other    P(me)=0.13 cos=0.05 speech=0.31 level=-22.1 dBFS 121 ms
t=  63.1s other    P(me)=0.04 cos=-0.01 speech=0.49 level=-22.5 dBFS 120 ms
t=  67.1s other    P(me)=0.05 cos=-0.02 speech=0.31 level=-26.0 dBFS 121 ms
client disconnected
client connected
client info: {'cmd': 'info', 'contextRate': 16000, 'trackRate': 48000, 'ua': 'Mozilla/5.0 (Macintosh; Intel Mac OS X 10_15_7) AppleWebKit/537.36 (KHTML, like Gecko) Chrome/154.0.0.0 Safari/537.36'}
t=   2.9s me       P(me)=0.89 cos=0.29 speech=0.42 level=-30.0 dBFS 121 ms
t=   3.1s me       P(me)=0.90 cos=0.33 speech=0.57 level=-28.0 dBFS 122 ms
t=   3.4s me       P(me)=0.93 cos=0.38 speech=0.74 level=-26.4 dBFS 120 ms
t=   3.6s me       P(me)=0.88 cos=0.35 speech=0.91 level=-25.5 dBFS 120 ms
t=   3.9s me       P(me)=0.88 cos=0.37 speech=1.00 level=-25.6 dBFS 120 ms
t=   4.1s me       P(me)=0.91 cos=0.43 speech=0.85 level=-25.9 dBFS 120 ms
t=   4.4s me       P(me)=0.83 cos=0.40 speech=1.00 level=-25.5 dBFS 120 ms
t=   4.6s me       P(me)=0.88 cos=0.38 speech=1.00 level=-26.4 dBFS 120 ms
t=   4.9s me       P(me)=0.91 cos=0.40 speech=1.00 level=-27.2 dBFS 120 ms
t=   5.1s me       P(me)=0.89 cos=0.41 speech=1.00 level=-27.6 dBFS 121 ms
t=   5.4s me       P(me)=0.88 cos=0.37 speech=1.00 level=-28.7 dBFS 121 ms
t=   5.6s me       P(me)=0.96 cos=0.45 speech=1.00 level=-28.7 dBFS 120 ms
t=   5.9s me       P(me)=0.97 cos=0.45 speech=0.85 level=-29.1 dBFS 120 ms
t=   6.1s me       P(me)=0.97 cos=0.45 speech=1.00 level=-28.9 dBFS 120 ms
t=   6.4s me       P(me)=0.97 cos=0.45 speech=1.00 level=-30.0 dBFS 120 ms
t=   6.6s me       P(me)=0.98 cos=0.47 speech=1.00 level=-30.8 dBFS 120 ms
t=   6.9s me       P(me)=0.98 cos=0.46 speech=1.00 level=-27.7 dBFS 121 ms
t=   7.1s me       P(me)=0.95 cos=0.44 speech=1.00 level=-27.4 dBFS 121 ms
t=   7.4s me       P(me)=0.94 cos=0.46 speech=1.00 level=-27.2 dBFS 120 ms
t=   7.6s me       P(me)=0.94 cos=0.45 speech=0.74 level=-27.2 dBFS 121 ms
t=   7.9s me       P(me)=0.96 cos=0.47 speech=0.91 level=-27.0 dBFS 122 ms
t=   8.1s me       P(me)=0.95 cos=0.44 speech=1.00 level=-27.3 dBFS 120 ms
t=   8.4s me       P(me)=0.96 cos=0.48 speech=1.00 level=-29.2 dBFS 121 ms
t=   8.6s me       P(me)=0.96 cos=0.48 speech=1.00 level=-30.5 dBFS 120 ms
t=   8.9s me       P(me)=0.96 cos=0.48 speech=1.00 level=-31.5 dBFS 120 ms
t=   9.1s me       P(me)=0.97 cos=0.50 speech=0.98 level=-31.7 dBFS 121 ms
t=   9.4s me       P(me)=0.96 cos=0.49 speech=1.00 level=-31.7 dBFS 120 ms
t=   9.6s me       P(me)=0.95 cos=0.49 speech=1.00 level=-31.7 dBFS 120 ms
t=   9.9s me       P(me)=0.96 cos=0.50 speech=1.00 level=-33.4 dBFS 120 ms
t=  10.1s me       P(me)=0.93 cos=0.41 speech=0.81 level=-34.6 dBFS 121 ms
t=  10.4s me       P(me)=0.85 cos=0.37 speech=0.74 level=-35.6 dBFS 122 ms
t=  10.6s me       P(me)=0.76 cos=0.32 speech=0.62 level=-36.3 dBFS 121 ms
t=  10.9s me       P(me)=0.76 cos=0.26 speech=0.40 level=-39.3 dBFS 120 ms
t=  12.1s me       P(me)=0.81 cos=0.29 speech=0.46 level=-31.8 dBFS 121 ms
t=  12.4s me       P(me)=0.94 cos=0.39 speech=0.63 level=-28.7 dBFS 121 ms
t=  12.6s me       P(me)=0.90 cos=0.31 speech=0.81 level=-28.0 dBFS 120 ms
t=  12.9s me       P(me)=0.89 cos=0.31 speech=0.95 level=-27.9 dBFS 121 ms
t=  13.1s me       P(me)=0.89 cos=0.32 speech=0.87 level=-28.2 dBFS 120 ms
t=  13.4s me       P(me)=0.89 cos=0.33 speech=0.68 level=-29.1 dBFS 123 ms
t=  13.6s me       P(me)=0.83 cos=0.30 speech=0.87 level=-26.4 dBFS 121 ms
t=  13.9s me       P(me)=0.90 cos=0.35 speech=0.85 level=-27.0 dBFS 121 ms
t=  14.1s me       P(me)=0.88 cos=0.39 speech=0.63 level=-27.4 dBFS 121 ms
t=  14.4s me       P(me)=0.96 cos=0.41 speech=0.83 level=-27.2 dBFS 121 ms
t=  14.6s me       P(me)=0.97 cos=0.42 speech=0.98 level=-27.2 dBFS 121 ms
t=  14.9s me       P(me)=0.96 cos=0.37 speech=1.00 level=-27.1 dBFS 120 ms
t=  15.1s me       P(me)=0.95 cos=0.37 speech=1.00 level=-29.9 dBFS 121 ms
t=  15.4s me       P(me)=0.86 cos=0.29 speech=0.98 level=-31.6 dBFS 123 ms
t=  15.6s me       P(me)=0.74 cos=0.25 speech=0.91 level=-31.9 dBFS 121 ms
t=  15.9s me       P(me)=0.85 cos=0.34 speech=0.81 level=-32.1 dBFS 120 ms
t=  16.1s me       P(me)=0.84 cos=0.33 speech=0.98 level=-31.8 dBFS 121 ms
t=  16.4s me       P(me)=0.86 cos=0.36 speech=1.00 level=-31.9 dBFS 120 ms
t=  16.6s me       P(me)=0.91 cos=0.39 speech=1.00 level=-34.2 dBFS 120 ms
t=  16.9s me       P(me)=0.91 cos=0.37 speech=0.98 level=-33.8 dBFS 120 ms
t=  17.1s me       P(me)=0.92 cos=0.37 speech=1.00 level=-33.5 dBFS 121 ms
t=  17.4s me       P(me)=0.92 cos=0.37 speech=1.00 level=-33.7 dBFS 120 ms
t=  17.6s me       P(me)=0.91 cos=0.32 speech=1.00 level=-33.7 dBFS 120 ms
t=  17.9s me       P(me)=0.82 cos=0.25 speech=1.00 level=-34.4 dBFS 123 ms
t=  18.1s me       P(me)=0.75 cos=0.25 speech=1.00 level=-35.0 dBFS 120 ms
t=  18.4s me       P(me)=0.73 cos=0.21 speech=0.78 level=-36.2 dBFS 120 ms
t=  18.6s me       P(me)=0.65 cos=0.21 speech=0.66 level=-34.5 dBFS 120 ms
t=  18.9s me       P(me)=0.91 cos=0.40 speech=0.78 level=-33.2 dBFS 121 ms
t=  19.1s me       P(me)=0.89 cos=0.43 speech=0.44 level=-31.1 dBFS 121 ms
t=  19.4s me       P(me)=0.88 cos=0.41 speech=0.61 level=-30.7 dBFS 121 ms
t=  19.6s me       P(me)=0.87 cos=0.40 speech=0.76 level=-30.6 dBFS 120 ms
t=  19.9s me       P(me)=0.86 cos=0.38 speech=0.68 level=-30.6 dBFS 121 ms
t=  20.1s me       P(me)=0.87 cos=0.42 speech=0.82 level=-28.9 dBFS 122 ms
t=  20.4s me       P(me)=0.87 cos=0.40 speech=0.87 level=-27.4 dBFS 120 ms
t=  20.6s me       P(me)=0.87 cos=0.39 speech=0.53 level=-27.1 dBFS 120 ms
t=  20.9s me       P(me)=0.81 cos=0.37 speech=0.70 level=-25.6 dBFS 121 ms
t=  21.1s me       P(me)=0.88 cos=0.43 speech=0.89 level=-24.4 dBFS 120 ms
t=  21.4s me       P(me)=0.90 cos=0.42 speech=1.00 level=-23.7 dBFS 120 ms
t=  21.6s me       P(me)=0.90 cos=0.39 speech=1.00 level=-24.4 dBFS 120 ms
t=  21.9s me       P(me)=0.88 cos=0.37 speech=0.79 level=-25.3 dBFS 120 ms
t=  22.1s me       P(me)=0.86 cos=0.35 speech=0.64 level=-26.1 dBFS 120 ms
t=  22.4s me       P(me)=0.69 cos=0.27 speech=0.47 level=-28.1 dBFS 120 ms
t=  23.6s other    P(me)=0.04 cos=-0.00 speech=0.40 level=-30.2 dBFS 122 ms
t=  23.9s other    P(me)=0.05 cos=0.02 speech=0.57 level=-29.2 dBFS 120 ms
t=  24.1s other    P(me)=0.04 cos=-0.01 speech=0.74 level=-28.9 dBFS 120 ms
t=  24.4s other    P(me)=0.09 cos=0.07 speech=0.89 level=-27.8 dBFS 120 ms
t=  24.6s other    P(me)=0.09 cos=0.04 speech=0.61 level=-26.7 dBFS 120 ms
t=  24.9s other    P(me)=0.11 cos=0.08 speech=0.38 level=-27.7 dBFS 121 ms
t=  25.1s other    P(me)=0.13 cos=0.07 speech=0.98 level=-27.8 dBFS 121 ms
t=  25.4s other    P(me)=0.13 cos=0.07 speech=1.00 level=-27.4 dBFS 123 ms
t=  25.6s other    P(me)=0.05 cos=-0.00 speech=1.00 level=-26.3 dBFS 121 ms
t=  25.9s other    P(me)=0.06 cos=-0.01 speech=1.00 level=-26.6 dBFS 121 ms
t=  26.1s other    P(me)=0.02 cos=-0.09 speech=1.00 level=-27.8 dBFS 120 ms
t=  26.4s other    P(me)=0.02 cos=-0.07 speech=0.78 level=-28.7 dBFS 121 ms
t=  26.6s other    P(me)=0.04 cos=-0.01 speech=0.80 level=-28.8 dBFS 120 ms
t=  26.9s other    P(me)=0.03 cos=-0.02 speech=0.85 level=-30.0 dBFS 120 ms
t=  27.1s other    P(me)=0.12 cos=0.06 speech=0.53 level=-29.0 dBFS 121 ms
t=  27.4s other    P(me)=0.58 cos=0.17 speech=0.70 level=-26.7 dBFS 120 ms
t=  27.6s other    P(me)=0.42 cos=0.15 speech=0.87 level=-26.2 dBFS 122 ms
t=  27.9s other    P(me)=0.73 cos=0.28 speech=1.00 level=-25.3 dBFS 121 ms
t=  28.1s me       P(me)=0.88 cos=0.43 speech=0.98 level=-25.0 dBFS 121 ms
t=  28.4s me       P(me)=0.86 cos=0.40 speech=0.93 level=-25.0 dBFS 120 ms
t=  28.6s me       P(me)=0.84 cos=0.36 speech=0.87 level=-26.4 dBFS 120 ms
t=  28.9s me       P(me)=0.71 cos=0.30 speech=0.70 level=-29.2 dBFS 120 ms
t=  29.1s me       P(me)=0.85 cos=0.38 speech=0.55 level=-29.9 dBFS 120 ms
t=  29.4s me       P(me)=0.32 cos=0.18 speech=0.61 level=-28.7 dBFS 120 ms
t=  29.6s other    P(me)=0.09 cos=0.04 speech=0.40 level=-28.7 dBFS 120 ms
t=  29.9s other    P(me)=0.23 cos=0.08 speech=0.55 level=-28.2 dBFS 120 ms
t=  30.1s other    P(me)=0.25 cos=0.10 speech=0.72 level=-26.6 dBFS 122 ms
t=  30.4s other    P(me)=0.12 cos=0.06 speech=0.91 level=-25.0 dBFS 121 ms
t=  30.6s other    P(me)=0.05 cos=-0.01 speech=0.61 level=-24.3 dBFS 120 ms
t=  30.9s other    P(me)=0.06 cos=-0.06 speech=0.85 level=-25.3 dBFS 120 ms
t=  31.1s other    P(me)=0.09 cos=-0.01 speech=1.00 level=-25.6 dBFS 120 ms
t=  31.4s other    P(me)=0.08 cos=0.00 speech=1.00 level=-25.8 dBFS 121 ms
t=  32.6s other    P(me)=0.53 cos=0.28 speech=0.40 level=-28.7 dBFS 120 ms
t=  32.9s other    P(me)=0.61 cos=0.33 speech=0.57 level=-28.8 dBFS 121 ms
t=  33.1s other    P(me)=0.64 cos=0.34 speech=0.72 level=-29.2 dBFS 121 ms
t=  33.4s me       P(me)=0.81 cos=0.38 speech=0.63 level=-29.1 dBFS 120 ms
t=  33.6s me       P(me)=0.89 cos=0.42 speech=0.87 level=-28.7 dBFS 121 ms
t=  33.9s me       P(me)=0.88 cos=0.42 speech=0.87 level=-30.3 dBFS 120 ms
t=  34.1s me       P(me)=0.79 cos=0.31 speech=0.87 level=-35.0 dBFS 120 ms
t=  34.4s me       P(me)=0.79 cos=0.31 speech=0.78 level=-35.6 dBFS 120 ms
t=  34.6s me       P(me)=0.78 cos=0.31 speech=0.95 level=-35.6 dBFS 121 ms
t=  34.9s me       P(me)=0.65 cos=0.29 speech=0.74 level=-35.9 dBFS 121 ms
t=  35.1s other    P(me)=0.40 cos=0.19 speech=0.57 level=-39.2 dBFS 121 ms
t=  35.4s other    P(me)=0.15 cos=0.09 speech=0.38 level=-41.1 dBFS 120 ms
t=  36.4s other    P(me)=0.02 cos=0.03 speech=0.40 level=-32.1 dBFS 120 ms
t=  36.6s other    P(me)=0.05 cos=0.09 speech=0.44 level=-30.9 dBFS 120 ms
t=  36.9s other    P(me)=0.06 cos=0.10 speech=0.61 level=-30.1 dBFS 120 ms
t=  37.1s other    P(me)=0.07 cos=0.09 speech=0.78 level=-29.2 dBFS 121 ms
t=  37.4s other    P(me)=0.10 cos=0.11 speech=0.95 level=-29.2 dBFS 120 ms
t=  37.6s other    P(me)=0.13 cos=0.11 speech=0.78 level=-31.3 dBFS 120 ms
t=  38.1s other    P(me)=0.13 cos=0.02 speech=0.63 level=-31.7 dBFS 122 ms
t=  38.4s other    P(me)=0.19 cos=0.08 speech=0.40 level=-31.8 dBFS 120 ms
t=  38.6s other    P(me)=0.35 cos=0.13 speech=0.57 level=-31.1 dBFS 120 ms
t=  38.9s other    P(me)=0.44 cos=0.15 speech=0.74 level=-30.4 dBFS 120 ms
t=  39.1s other    P(me)=0.23 cos=0.09 speech=0.89 level=-29.4 dBFS 121 ms
t=  39.4s other    P(me)=0.23 cos=0.09 speech=1.00 level=-29.0 dBFS 121 ms
t=  39.6s other    P(me)=0.29 cos=0.13 speech=0.67 level=-29.6 dBFS 120 ms
t=  40.1s other    P(me)=0.10 cos=0.06 speech=0.76 level=-31.4 dBFS 120 ms
t=  40.4s other    P(me)=0.14 cos=0.09 speech=0.93 level=-32.2 dBFS 122 ms
t=  41.1s other    P(me)=0.53 cos=0.28 speech=0.34 level=-32.6 dBFS 120 ms
t=  41.4s other    P(me)=0.65 cos=0.29 speech=0.49 level=-33.2 dBFS 121 ms
t=  41.6s other    P(me)=0.26 cos=0.16 speech=0.40 level=-33.6 dBFS 120 ms
t=  41.9s other    P(me)=0.32 cos=0.22 speech=0.40 level=-33.4 dBFS 121 ms
t=  42.1s other    P(me)=0.75 cos=0.34 speech=0.69 level=-26.6 dBFS 120 ms
t=  42.4s me       P(me)=0.93 cos=0.42 speech=0.46 level=-24.9 dBFS 123 ms
t=  42.6s me       P(me)=0.96 cos=0.46 speech=0.63 level=-23.8 dBFS 123 ms
t=  42.9s me       P(me)=0.96 cos=0.46 speech=0.78 level=-23.5 dBFS 124 ms
t=  43.1s me       P(me)=0.97 cos=0.48 speech=0.95 level=-23.2 dBFS 123 ms
t=  43.4s me       P(me)=0.95 cos=0.45 speech=1.00 level=-22.7 dBFS 125 ms
t=  43.6s me       P(me)=0.94 cos=0.42 speech=1.00 level=-24.1 dBFS 122 ms
t=  43.9s me       P(me)=0.95 cos=0.47 speech=1.00 level=-25.6 dBFS 122 ms
t=  44.1s me       P(me)=0.87 cos=0.35 speech=1.00 level=-27.3 dBFS 121 ms
t=  44.4s me       P(me)=0.93 cos=0.39 speech=1.00 level=-27.2 dBFS 121 ms
t=  44.6s me       P(me)=0.93 cos=0.40 speech=1.00 level=-24.4 dBFS 121 ms
t=  44.9s me       P(me)=0.94 cos=0.40 speech=1.00 level=-24.2 dBFS 120 ms
t=  45.1s me       P(me)=0.94 cos=0.39 speech=1.00 level=-23.2 dBFS 121 ms
t=  45.4s me       P(me)=0.92 cos=0.39 speech=0.78 level=-23.1 dBFS 121 ms
t=  45.6s me       P(me)=0.96 cos=0.44 speech=0.91 level=-23.0 dBFS 121 ms
t=  45.9s me       P(me)=0.94 cos=0.39 speech=1.00 level=-23.2 dBFS 121 ms
t=  46.1s me       P(me)=0.95 cos=0.40 speech=1.00 level=-25.1 dBFS 121 ms
t=  46.4s me       P(me)=0.97 cos=0.42 speech=1.00 level=-26.4 dBFS 121 ms
t=  46.6s me       P(me)=0.97 cos=0.39 speech=1.00 level=-29.6 dBFS 120 ms
t=  46.9s me       P(me)=0.97 cos=0.35 speech=0.72 level=-31.9 dBFS 121 ms
t=  47.1s me       P(me)=0.91 cos=0.30 speech=0.55 level=-27.7 dBFS 121 ms
t=  47.4s me       P(me)=0.92 cos=0.32 speech=0.78 level=-27.3 dBFS 121 ms
t=  47.6s me       P(me)=0.93 cos=0.39 speech=0.76 level=-27.4 dBFS 121 ms
t=  47.9s me       P(me)=0.92 cos=0.40 speech=0.68 level=-27.0 dBFS 121 ms
t=  48.1s me       P(me)=0.93 cos=0.42 speech=0.83 level=-26.2 dBFS 121 ms
t=  48.4s me       P(me)=0.95 cos=0.44 speech=1.00 level=-26.1 dBFS 120 ms
t=  48.6s me       P(me)=0.97 cos=0.47 speech=0.83 level=-28.7 dBFS 120 ms
t=  48.9s me       P(me)=0.93 cos=0.43 speech=0.68 level=-29.0 dBFS 121 ms
t=  49.1s me       P(me)=0.80 cos=0.29 speech=0.85 level=-27.2 dBFS 120 ms
t=  49.4s me       P(me)=0.51 cos=0.20 speech=0.85 level=-27.6 dBFS 121 ms
t=  49.6s other    P(me)=0.29 cos=0.17 speech=0.61 level=-28.3 dBFS 120 ms
t=  49.9s other    P(me)=0.23 cos=0.13 speech=0.78 level=-28.4 dBFS 121 ms
t=  50.1s other    P(me)=0.33 cos=0.14 speech=0.95 level=-27.6 dBFS 122 ms
t=  50.4s other    P(me)=0.29 cos=0.09 speech=1.00 level=-27.9 dBFS 120 ms
t=  50.6s other    P(me)=0.63 cos=0.20 speech=0.89 level=-28.6 dBFS 121 ms
t=  50.9s other    P(me)=0.63 cos=0.20 speech=0.91 level=-28.6 dBFS 121 ms
t=  51.1s me       P(me)=0.62 cos=0.20 speech=0.85 level=-28.3 dBFS 121 ms
t=  51.4s other    P(me)=0.51 cos=0.18 speech=1.00 level=-27.5 dBFS 120 ms
t=  51.6s other    P(me)=0.48 cos=0.18 speech=1.00 level=-27.5 dBFS 120 ms
t=  51.9s other    P(me)=0.55 cos=0.25 speech=1.00 level=-27.7 dBFS 120 ms
t=  52.1s other    P(me)=0.10 cos=0.13 speech=0.78 level=-29.6 dBFS 121 ms
t=  52.4s other    P(me)=0.26 cos=0.17 speech=0.95 level=-29.2 dBFS 121 ms
t=  52.6s other    P(me)=0.25 cos=0.17 speech=1.00 level=-27.3 dBFS 120 ms
t=  52.9s other    P(me)=0.32 cos=0.18 speech=0.63 level=-28.0 dBFS 121 ms
t=  53.1s other    P(me)=0.21 cos=0.09 speech=0.89 level=-27.9 dBFS 120 ms
t=  53.4s other    P(me)=0.15 cos=0.05 speech=0.78 level=-27.7 dBFS 120 ms
t=  53.6s other    P(me)=0.15 cos=0.11 speech=0.95 level=-26.8 dBFS 120 ms
t=  53.9s other    P(me)=0.06 cos=0.07 speech=1.00 level=-26.1 dBFS 120 ms
t=  54.1s other    P(me)=0.05 cos=0.06 speech=0.85 level=-27.5 dBFS 120 ms
t=  54.4s other    P(me)=0.08 cos=0.07 speech=0.81 level=-26.8 dBFS 121 ms
t=  54.6s other    P(me)=0.10 cos=0.14 speech=1.00 level=-26.9 dBFS 120 ms
t=  54.9s other    P(me)=0.05 cos=0.05 speech=1.00 level=-27.0 dBFS 122 ms
t=  55.1s other    P(me)=0.12 cos=0.10 speech=1.00 level=-28.2 dBFS 120 ms
t=  55.4s other    P(me)=0.19 cos=0.12 speech=0.70 level=-30.1 dBFS 120 ms
t=  55.6s other    P(me)=0.13 cos=0.11 speech=0.53 level=-31.1 dBFS 120 ms
t=  56.4s other    P(me)=0.26 cos=0.15 speech=0.38 level=-27.5 dBFS 120 ms
t=  56.6s other    P(me)=0.15 cos=0.09 speech=0.55 level=-27.5 dBFS 121 ms
t=  56.9s other    P(me)=0.77 cos=0.25 speech=0.70 level=-25.2 dBFS 120 ms
t=  57.1s other    P(me)=0.86 cos=0.30 speech=0.87 level=-22.7 dBFS 120 ms
t=  57.4s me       P(me)=0.88 cos=0.32 speech=1.00 level=-22.0 dBFS 122 ms
t=  57.6s me       P(me)=0.91 cos=0.36 speech=1.00 level=-23.0 dBFS 121 ms
t=  57.9s me       P(me)=0.97 cos=0.43 speech=0.85 level=-23.3 dBFS 120 ms
t=  58.1s me       P(me)=0.97 cos=0.45 speech=0.81 level=-23.3 dBFS 121 ms
t=  58.4s me       P(me)=0.91 cos=0.34 speech=0.66 level=-24.1 dBFS 121 ms
t=  58.6s me       P(me)=0.83 cos=0.28 speech=0.80 level=-25.6 dBFS 120 ms
t=  58.9s me       P(me)=0.31 cos=0.12 speech=0.80 level=-27.3 dBFS 120 ms
t=  59.1s other    P(me)=0.09 cos=0.00 speech=0.63 level=-27.4 dBFS 120 ms
t=  59.4s other    P(me)=0.08 cos=-0.01 speech=0.63 level=-27.4 dBFS 120 ms
t=  59.6s other    P(me)=0.05 cos=-0.03 speech=0.66 level=-27.0 dBFS 121 ms
t=  59.9s other    P(me)=0.05 cos=-0.03 speech=0.85 level=-26.8 dBFS 123 ms
t=  60.1s other    P(me)=0.02 cos=-0.02 speech=0.49 level=-30.0 dBFS 121 ms
t=  60.4s other    P(me)=0.22 cos=0.13 speech=0.63 level=-30.0 dBFS 121 ms
t=  60.6s other    P(me)=0.31 cos=0.16 speech=0.81 level=-29.3 dBFS 120 ms
t=  60.9s other    P(me)=0.40 cos=0.24 speech=1.00 level=-29.2 dBFS 120 ms
t=  61.1s other    P(me)=0.34 cos=0.21 speech=1.00 level=-28.5 dBFS 121 ms
t=  61.4s other    P(me)=0.55 cos=0.27 speech=0.81 level=-27.7 dBFS 120 ms
t=  61.6s other    P(me)=0.58 cos=0.27 speech=0.98 level=-26.9 dBFS 121 ms
t=  61.9s other    P(me)=0.13 cos=0.15 speech=0.74 level=-26.5 dBFS 120 ms
t=  62.1s other    P(me)=0.08 cos=0.14 speech=0.91 level=-26.7 dBFS 121 ms
t=  62.4s other    P(me)=0.12 cos=0.11 speech=0.98 level=-25.5 dBFS 121 ms
t=  62.6s other    P(me)=0.22 cos=0.18 speech=0.59 level=-25.0 dBFS 121 ms
t=  62.9s other    P(me)=0.21 cos=0.15 speech=1.00 level=-24.9 dBFS 120 ms
t=  63.1s other    P(me)=0.30 cos=0.19 speech=0.98 level=-25.0 dBFS 121 ms
t=  63.4s other    P(me)=0.41 cos=0.18 speech=1.00 level=-24.9 dBFS 121 ms
t=  63.6s other    P(me)=0.22 cos=0.11 speech=1.00 level=-25.0 dBFS 120 ms
t=  63.9s other    P(me)=0.16 cos=0.08 speech=1.00 level=-26.0 dBFS 120 ms
t=  64.1s other    P(me)=0.09 cos=0.03 speech=1.00 level=-27.5 dBFS 121 ms
t=  64.4s other    P(me)=0.03 cos=-0.06 speech=0.72 level=-30.9 dBFS 120 ms
t=  64.9s other    P(me)=0.07 cos=-0.01 speech=0.31 level=-30.1 dBFS 121 ms
t=  65.1s other    P(me)=0.12 cos=0.05 speech=0.55 level=-30.4 dBFS 120 ms
t=  65.4s other    P(me)=0.13 cos=0.03 speech=0.57 level=-30.5 dBFS 120 ms
t=  65.6s other    P(me)=0.12 cos=0.03 speech=0.57 level=-30.5 dBFS 120 ms
t=  65.9s other    P(me)=0.15 cos=0.01 speech=0.38 level=-30.5 dBFS 120 ms
t=  66.1s other    P(me)=0.11 cos=-0.03 speech=0.34 level=-36.0 dBFS 120 ms
client disconnected
